<html>
<body>
<pre>
<h1>礦ision Build Log</h1>
<h2>Tool Versions:</h2>
IDE-Version: μVision V5.40.0.0
Copyright (C) 2024 ARM Ltd and ARM Germany GmbH. All rights reserved.
License Information: J j, 1, LIC=47GU5-GEP1S-VE7HA-1NVWB-8CHLP-E4JZ9
 
Tool Versions:
Toolchain:       MDK-ARM Plus  Version: 5.40.0.3
Toolchain Path:  D:\Keil_v5\Keil_v5\ARM\ARMCLANG\Bin
C Compiler:      ArmClang.exe V6.22
Assembler:       Armasm.exe V6.22
Linker/Locator:  ArmLink.exe V6.22
Library Manager: ArmAr.exe V6.22
Hex Converter:   FromElf.exe V6.22
CPU DLL:         SARMCM3.DLL V5.40.0.3
Dialog DLL:      DARMCM1.DLL V1.19.6.0
Target DLL:      UL2CM3.DLL V1.164.11.0
Dialog DLL:      TARMCM1.DLL V1.14.6.0
 
<h2>Project:</h2>
D:\Working_space\VLSI-SOC\make_package\DFP\DFP_mode\mode\Generic.MVCM3_DFP.0.0.1\Flash\MVCM3.uvprojx
Project File Date:  09/23/2024

<h2>Output:</h2>
*** Using Compiler 'V6.22', folder: 'D:\Keil_v5\Keil_v5\ARM\ARMCLANG\Bin'
Build target 'Cortex-M'
linking...
Program Size: Code=20 RO-data=4256 RW-data=4 ZI-data=0  
After Build - User command #1: cmd.exe /C copy "Objects\MVCM3.axf" ".\MVCM3.FLM"
已复制         1 个文件。
".\Objects\MVCM3.axf" - 0 Error(s), 0 Warning(s).

<h2>Software Packages used:</h2>

Package Vendor: ARM
                https://www.keil.com/pack/ARM.Cortex_DFP.1.1.0.pack
                ARM::Cortex_DFP@1.1.0
                ARM Cortex Reference Subsystems Device Family Pack

<h2>Collection of Component include folders:</h2>
  D:/Keil_v5/Arm/Packs/ARM/Cortex_DFP/1.1.0/Device/ARMCM0/Include

<h2>Collection of Component Files used:</h2>
Build Time Elapsed:  00:00:00
</pre>
</body>
</html>
