Component: Arm Compiler for Embedded 6.22 Tool: armlink [5ee90200]

==============================================================================

Removing Unused exception sections from the image.

    Removing flashprg.o(.ARM.exidx), (40 bytes).

1 unused section(s) (total 40 bytes) removed from the image.

==============================================================================

Image Symbol Table

    Local Symbols

    Symbol Name                              Value     Ov Type        Size  Object(Section)

    FlashDev.c                               0x00000000   Number         0  flashdev.o ABSOLUTE
    FlashPrg.c                               0x00000000   Number         0  flashprg.o ABSOLUTE
    [Anonymous Symbol]                       0x00000000   Section        0  flashprg.o(.text)

    Global Symbols

    Symbol Name                              Value     Ov Type        Size  Object(Section)

    BuildAttributes$$THM_ISAv3M$S$PE$A:L22$X:L11$S22$IEEE1$IW$RWPI$~STKCKD$USESV7$~SHL$OTIME$ROPI$STANDARDLIB$REQ8$PRES8$EABIv2 0x00000000   Number         0  anon$$obj.o ABSOLUTE
    Init                                     0x00000001   Thumb Code     4  flashprg.o(.text)
    UnInit                                   0x00000005   Thumb Code     4  flashprg.o(.text)
    EraseChip                                0x00000009   Thumb Code     4  flashprg.o(.text)
    EraseSector                              0x0000000d   Thumb Code     4  flashprg.o(.text)
    ProgramPage                              0x00000011   Thumb Code     4  flashprg.o(.text)
    FlashDevice                              0x00000018   Data        4256  flashdev.o(.rodata.FlashDevice)



==============================================================================

Memory Map of the image

  Image entry point : Not specified.

  Load Region PRG (Base: 0x00000000, Size: 0x00000018, Max: 0xffffffff, PI)

    Execution Region PrgCode (Exec base: 0x00000000, Load base: 0x00000000, Size: 0x00000014, Max: 0xffffffff, PI)

    Exec Addr    Load Addr    Size         Type   Attr      Idx    E Section Name        Object

    0x00000000   0x00000000   0x00000014   Code   RO            1    .text               flashprg.o


    Execution Region PrgData (Exec base: 0x00000014, Load base: 0x00000014, Size: 0x00000004, Max: 0xffffffff, PI)

    Exec Addr    Load Addr    Size         Type   Attr      Idx    E Section Name        Object

    0x00000014   0x00000014   0x00000004   Data   RW           16    PDT$$ptr            anon$$obj.o



  Load Region DSCR (Base: 0x00000018, Size: 0x000010a0, Max: 0xffffffff, PI)

    Execution Region DevDscr (Exec base: 0x00000018, Load base: 0x00000018, Size: 0x000010a0, Max: 0xffffffff, PI)

    Exec Addr    Load Addr    Size         Type   Attr      Idx    E Section Name        Object

    0x00000018   0x00000018   0x00000000   Code   RO            9    .text               flashdev.o
    0x00000018   0x00000018   0x000010a0   Data   RO           10    .rodata.FlashDevice  flashdev.o


==============================================================================

Image component sizes


      Code (inc. data)   RO Data    RW Data    ZI Data      Debug   Object Name

         0          0       4256          0          0        831   flashdev.o
        20          0          0          0          0       1000   flashprg.o

    ----------------------------------------------------------------------
        20          0       4256          4          0       1831   Object Totals
         0          0          0          4          0          0   (incl. Generated)
         0          0          0          0          0          0   (incl. Padding)

    ----------------------------------------------------------------------
         0          0          0          0          0          0   Library Totals
         0          0          0          0          0          0   (incl. Padding)

    ----------------------------------------------------------------------

==============================================================================


      Code (inc. data)   RO Data    RW Data    ZI Data      Debug   

        20          0       4256          4          0       1831   Grand Totals
        20          0       4256          4          0       1831   ELF Image Totals
        20          0       4256          4          0          0   ROM Totals

==============================================================================

    Total RO  Size (Code + RO Data)                 4276 (   4.18kB)
    Total RW  Size (RW Data + ZI Data)                 4 (   0.00kB)
    Total ROM Size (Code + RO Data + RW Data)       4280 (   4.18kB)

==============================================================================

